[-1776444341552515584.000s] DEBUG:colcon:Command line arguments: ['/Users/kedewei/Library/Python/3.14/bin/colcon', 'build', '--packages-select', 'bme_ros2_navigation_py', '--cmake-args', '-DBUILD_TESTING:=OFF']
[-1776444341552515584.000s] DEBUG:colcon:Parsed command line arguments: Namespace(log_base=None, log_level=None, verb_name='build', build_base='build', install_base='install', merge_install=False, symlink_install=False, test_result_base=None, continue_on_error=False, executor='parallel', parallel_workers=8, event_handlers=None, ignore_user_meta=False, metas=['./colcon.meta'], base_paths=['.'], packages_ignore=None, packages_ignore_regex=None, paths=None, packages_up_to=None, packages_up_to_regex=None, packages_above=None, packages_above_and_dependencies=None, packages_above_depth=None, packages_select_by_dep=None, packages_skip_by_dep=None, packages_skip_up_to=None, packages_select_build_failed=False, packages_skip_build_finished=False, packages_select_test_failures=False, packages_skip_test_passed=False, packages_select=['bme_ros2_navigation_py'], packages_skip=None, packages_select_regex=None, packages_skip_regex=None, packages_start=None, packages_end=None, cmake_args=['-DBUILD_TESTING:=OFF'], cmake_target=None, cmake_target_skip_unavailable=False, cmake_clean_cache=False, cmake_clean_first=False, cmake_force_configure=False, ament_cmake_args=None, catkin_cmake_args=None, catkin_skip_building_tests=False, verb_parser=<colcon_defaults.argument_parser.defaults.DefaultArgumentsDecorator object at 0x107078190>, verb_extension=<colcon_core.verb.build.BuildVerb object at 0x106fea7b0>, main=<bound method BuildVerb.main of <colcon_core.verb.build.BuildVerb object at 0x106fea7b0>>)
[-1776444341552515584.000s] Level 1:colcon.colcon_core.package_discovery:discover_packages(colcon_meta) check parameters
[-1776444341552515584.000s] Level 1:colcon.colcon_core.package_discovery:discover_packages(recursive) check parameters
[-1776444341552515584.000s] Level 1:colcon.colcon_core.package_discovery:discover_packages(ignore) check parameters
[-1776444341552515584.000s] Level 1:colcon.colcon_core.package_discovery:discover_packages(path) check parameters
[-1776444341552515584.000s] Level 1:colcon.colcon_core.package_discovery:discover_packages(colcon_meta) discover
[-1776444341552515584.000s] Level 1:colcon.colcon_core.package_discovery:discover_packages(recursive) discover
[-1776444341552515584.000s] INFO:colcon.colcon_core.package_discovery:Crawling recursively for packages in '/Users/kedewei/Desktop/final project/FinalProject_Submission/ros2_navigation_workspace'
[-1776444341552515584.000s] Level 1:colcon.colcon_core.package_identification:_identify(.) by extensions ['ignore', 'ignore_ament_install']
[-1776444341552515584.000s] Level 1:colcon.colcon_core.package_identification:_identify(.) by extension 'ignore'
[-1776444341552515584.000s] Level 1:colcon.colcon_core.package_identification:_identify(.) by extension 'ignore_ament_install'
[-1776444341552515584.000s] Level 1:colcon.colcon_core.package_identification:_identify(.) by extensions ['colcon_pkg']
[-1776444341552515584.000s] Level 1:colcon.colcon_core.package_identification:_identify(.) by extension 'colcon_pkg'
[-1776444341552515584.000s] Level 1:colcon.colcon_core.package_identification:_identify(.) by extensions ['colcon_meta']
[-1776444341552515584.000s] Level 1:colcon.colcon_core.package_identification:_identify(.) by extension 'colcon_meta'
[-1776444341552515584.000s] Level 1:colcon.colcon_core.package_identification:_identify(.) by extensions ['ros']
[-1776444341552515584.000s] Level 1:colcon.colcon_core.package_identification:_identify(.) by extension 'ros'
[-1776444341552515584.000s] Level 1:colcon.colcon_core.package_identification:_identify(.) by extensions ['cmake', 'python']
[-1776444341552515584.000s] Level 1:colcon.colcon_core.package_identification:_identify(.) by extension 'cmake'
[-1776444341552515584.000s] Level 1:colcon.colcon_core.package_identification:_identify(.) by extension 'python'
[-1776444341552515584.000s] Level 1:colcon.colcon_core.package_identification:_identify(.) by extensions ['python_setup_py']
[-1776444341552515584.000s] Level 1:colcon.colcon_core.package_identification:_identify(.) by extension 'python_setup_py'
[-1776444341552515584.000s] Level 1:colcon.colcon_core.package_identification:_identify(build) by extensions ['ignore', 'ignore_ament_install']
[-1776444341552515584.000s] Level 1:colcon.colcon_core.package_identification:_identify(build) by extension 'ignore'
[-1776444341552515584.000s] Level 1:colcon.colcon_core.package_identification:_identify(build) ignored
[-1776444341552515584.000s] Level 1:colcon.colcon_core.package_identification:_identify(data) by extensions ['ignore', 'ignore_ament_install']
[-1776444341552515584.000s] Level 1:colcon.colcon_core.package_identification:_identify(data) by extension 'ignore'
[-1776444341552515584.000s] Level 1:colcon.colcon_core.package_identification:_identify(data) by extension 'ignore_ament_install'
[-1776444341552515584.000s] Level 1:colcon.colcon_core.package_identification:_identify(data) by extensions ['colcon_pkg']
[-1776444341552515584.000s] Level 1:colcon.colcon_core.package_identification:_identify(data) by extension 'colcon_pkg'
[-1776444341552515584.000s] Level 1:colcon.colcon_core.package_identification:_identify(data) by extensions ['colcon_meta']
[-1776444341552515584.000s] Level 1:colcon.colcon_core.package_identification:_identify(data) by extension 'colcon_meta'
[-1776444341552515584.000s] Level 1:colcon.colcon_core.package_identification:_identify(data) by extensions ['ros']
[-1776444341552515584.000s] Level 1:colcon.colcon_core.package_identification:_identify(data) by extension 'ros'
[-1776444341552515584.000s] Level 1:colcon.colcon_core.package_identification:_identify(data) by extensions ['cmake', 'python']
[-1776444341552515584.000s] Level 1:colcon.colcon_core.package_identification:_identify(data) by extension 'cmake'
[-1776444341552515584.000s] Level 1:colcon.colcon_core.package_identification:_identify(data) by extension 'python'
[-1776444341552515584.000s] Level 1:colcon.colcon_core.package_identification:_identify(data) by extensions ['python_setup_py']
[-1776444341552515584.000s] Level 1:colcon.colcon_core.package_identification:_identify(data) by extension 'python_setup_py'
[-1776444341552515584.000s] Level 1:colcon.colcon_core.package_identification:_identify(install) by extensions ['ignore', 'ignore_ament_install']
[-1776444341552515584.000s] Level 1:colcon.colcon_core.package_identification:_identify(install) by extension 'ignore'
[-1776444341552515584.000s] Level 1:colcon.colcon_core.package_identification:_identify(install) ignored
[-1776444341552515584.000s] Level 1:colcon.colcon_core.package_identification:_identify(log) by extensions ['ignore', 'ignore_ament_install']
[-1776444341552515584.000s] Level 1:colcon.colcon_core.package_identification:_identify(log) by extension 'ignore'
[-1776444341552515584.000s] Level 1:colcon.colcon_core.package_identification:_identify(log) ignored
[-1776444341552515584.000s] Level 1:colcon.colcon_core.package_identification:_identify(src) by extensions ['ignore', 'ignore_ament_install']
[-1776444341552515584.000s] Level 1:colcon.colcon_core.package_identification:_identify(src) by extension 'ignore'
[-1776444341552515584.000s] Level 1:colcon.colcon_core.package_identification:_identify(src) by extension 'ignore_ament_install'
[-1776444341552515584.000s] Level 1:colcon.colcon_core.package_identification:_identify(src) by extensions ['colcon_pkg']
[-1776444341552515584.000s] Level 1:colcon.colcon_core.package_identification:_identify(src) by extension 'colcon_pkg'
[-1776444341552515584.000s] Level 1:colcon.colcon_core.package_identification:_identify(src) by extensions ['colcon_meta']
[-1776444341552515584.000s] Level 1:colcon.colcon_core.package_identification:_identify(src) by extension 'colcon_meta'
[-1776444341552515584.000s] Level 1:colcon.colcon_core.package_identification:_identify(src) by extensions ['ros']
[-1776444341552515584.000s] Level 1:colcon.colcon_core.package_identification:_identify(src) by extension 'ros'
[-1776444341552515584.000s] Level 1:colcon.colcon_core.package_identification:_identify(src) by extensions ['cmake', 'python']
[-1776444341552515584.000s] Level 1:colcon.colcon_core.package_identification:_identify(src) by extension 'cmake'
[-1776444341552515584.000s] Level 1:colcon.colcon_core.package_identification:_identify(src) by extension 'python'
[-1776444341552515584.000s] Level 1:colcon.colcon_core.package_identification:_identify(src) by extensions ['python_setup_py']
[-1776444341552515584.000s] Level 1:colcon.colcon_core.package_identification:_identify(src) by extension 'python_setup_py'
[-1776444341552515584.000s] Level 1:colcon.colcon_core.package_identification:_identify(src/bme_ros2_navigation) by extensions ['ignore', 'ignore_ament_install']
[-1776444341552515584.000s] Level 1:colcon.colcon_core.package_identification:_identify(src/bme_ros2_navigation) by extension 'ignore'
[-1776444341552515584.000s] Level 1:colcon.colcon_core.package_identification:_identify(src/bme_ros2_navigation) by extension 'ignore_ament_install'
[-1776444341552515584.000s] Level 1:colcon.colcon_core.package_identification:_identify(src/bme_ros2_navigation) by extensions ['colcon_pkg']
[-1776444341552515584.000s] Level 1:colcon.colcon_core.package_identification:_identify(src/bme_ros2_navigation) by extension 'colcon_pkg'
[-1776444341552515584.000s] Level 1:colcon.colcon_core.package_identification:_identify(src/bme_ros2_navigation) by extensions ['colcon_meta']
[-1776444341552515584.000s] Level 1:colcon.colcon_core.package_identification:_identify(src/bme_ros2_navigation) by extension 'colcon_meta'
[-1776444341552515584.000s] Level 1:colcon.colcon_core.package_identification:_identify(src/bme_ros2_navigation) by extensions ['ros']
[-1776444341552515584.000s] Level 1:colcon.colcon_core.package_identification:_identify(src/bme_ros2_navigation) by extension 'ros'
[-1776444341552515584.000s] DEBUG:colcon.colcon_core.package_identification:Package 'src/bme_ros2_navigation' with type 'ros.ament_cmake' and name 'bme_ros2_navigation'
[-1776444341552515584.000s] Level 1:colcon.colcon_core.package_identification:_identify(src/bme_ros2_navigation_py) by extensions ['ignore', 'ignore_ament_install']
[-1776444341552515584.000s] Level 1:colcon.colcon_core.package_identification:_identify(src/bme_ros2_navigation_py) by extension 'ignore'
[-1776444341552515584.000s] Level 1:colcon.colcon_core.package_identification:_identify(src/bme_ros2_navigation_py) by extension 'ignore_ament_install'
[-1776444341552515584.000s] Level 1:colcon.colcon_core.package_identification:_identify(src/bme_ros2_navigation_py) by extensions ['colcon_pkg']
[-1776444341552515584.000s] Level 1:colcon.colcon_core.package_identification:_identify(src/bme_ros2_navigation_py) by extension 'colcon_pkg'
[-1776444341552515584.000s] Level 1:colcon.colcon_core.package_identification:_identify(src/bme_ros2_navigation_py) by extensions ['colcon_meta']
[-1776444341552515584.000s] Level 1:colcon.colcon_core.package_identification:_identify(src/bme_ros2_navigation_py) by extension 'colcon_meta'
[-1776444341552515584.000s] Level 1:colcon.colcon_core.package_identification:_identify(src/bme_ros2_navigation_py) by extensions ['ros']
[-1776444341552515584.000s] Level 1:colcon.colcon_core.package_identification:_identify(src/bme_ros2_navigation_py) by extension 'ros'
[-1776444341552515584.000s] DEBUG:colcon.colcon_core.package_identification:Package 'src/bme_ros2_navigation_py' with type 'ros.ament_python' and name 'bme_ros2_navigation_py'
[-1776444341552515584.000s] Level 1:colcon.colcon_core.package_discovery:discover_packages(recursive) using defaults
[-1776444341552515584.000s] Level 1:colcon.colcon_core.package_discovery:discover_packages(ignore) discover
[-1776444341552515584.000s] Level 1:colcon.colcon_core.package_discovery:discover_packages(ignore) using defaults
[-1776444341552515584.000s] Level 1:colcon.colcon_core.package_discovery:discover_packages(path) discover
[-1776444341552515584.000s] Level 1:colcon.colcon_core.package_discovery:discover_packages(path) using defaults
[-1776444341552515584.000s] INFO:colcon.colcon_core.package_selection:Skipping not selected package 'bme_ros2_navigation' in 'src/bme_ros2_navigation'
[-1776444341552515584.000s] Level 5:colcon.colcon_core.verb:set package 'bme_ros2_navigation_py' build argument 'cmake_args' from command line to '['-DBUILD_TESTING:=OFF']'
[-1776444341552515584.000s] Level 5:colcon.colcon_core.verb:set package 'bme_ros2_navigation_py' build argument 'cmake_target' from command line to 'None'
[-1776444341552515584.000s] Level 5:colcon.colcon_core.verb:set package 'bme_ros2_navigation_py' build argument 'cmake_target_skip_unavailable' from command line to 'False'
[-1776444341552515584.000s] Level 5:colcon.colcon_core.verb:set package 'bme_ros2_navigation_py' build argument 'cmake_clean_cache' from command line to 'False'
[-1776444341552515584.000s] Level 5:colcon.colcon_core.verb:set package 'bme_ros2_navigation_py' build argument 'cmake_clean_first' from command line to 'False'
[-1776444341552515584.000s] Level 5:colcon.colcon_core.verb:set package 'bme_ros2_navigation_py' build argument 'cmake_force_configure' from command line to 'False'
[-1776444341552515584.000s] Level 5:colcon.colcon_core.verb:set package 'bme_ros2_navigation_py' build argument 'ament_cmake_args' from command line to 'None'
[-1776444341552515584.000s] Level 5:colcon.colcon_core.verb:set package 'bme_ros2_navigation_py' build argument 'catkin_cmake_args' from command line to 'None'
[-1776444341552515584.000s] Level 5:colcon.colcon_core.verb:set package 'bme_ros2_navigation_py' build argument 'catkin_skip_building_tests' from command line to 'False'
[-1776444341552515584.000s] DEBUG:colcon.colcon_core.verb:Building package 'bme_ros2_navigation_py' with the following arguments: {'ament_cmake_args': None, 'build_base': '/Users/kedewei/Desktop/final project/FinalProject_Submission/ros2_navigation_workspace/build/bme_ros2_navigation_py', 'catkin_cmake_args': None, 'catkin_skip_building_tests': False, 'cmake_args': ['-DBUILD_TESTING:=OFF'], 'cmake_clean_cache': False, 'cmake_clean_first': False, 'cmake_force_configure': False, 'cmake_target': None, 'cmake_target_skip_unavailable': False, 'install_base': '/Users/kedewei/Desktop/final project/FinalProject_Submission/ros2_navigation_workspace/install/bme_ros2_navigation_py', 'merge_install': False, 'path': '/Users/kedewei/Desktop/final project/FinalProject_Submission/ros2_navigation_workspace/src/bme_ros2_navigation_py', 'symlink_install': False, 'test_result_base': None}
[-1776444341552515584.000s] INFO:colcon.colcon_core.executor:Executing jobs using 'parallel' executor
[-1776444341552515584.000s] DEBUG:colcon.colcon_parallel_executor.executor.parallel:run_until_complete
[-1776444341552515584.000s] INFO:colcon.colcon_ros.task.ament_python.build:Building ROS package in '/Users/kedewei/Desktop/final project/FinalProject_Submission/ros2_navigation_workspace/src/bme_ros2_navigation_py' with build type 'ament_python'
[-1776444341552515584.000s] Level 1:colcon.colcon_core.shell:create_environment_hook('bme_ros2_navigation_py', 'ament_prefix_path')
[-1776444341552515584.000s] INFO:colcon.colcon_core.plugin_system:Skipping extension 'colcon_core.shell.bat': Not used on non-Windows systems
[-1776444341552515584.000s] INFO:colcon.colcon_core.shell:Creating environment hook '/Users/kedewei/Desktop/final project/FinalProject_Submission/ros2_navigation_workspace/install/bme_ros2_navigation_py/share/bme_ros2_navigation_py/hook/ament_prefix_path.ps1'
[-1776444341552515584.000s] INFO:colcon.colcon_core.shell:Creating environment descriptor '/Users/kedewei/Desktop/final project/FinalProject_Submission/ros2_navigation_workspace/install/bme_ros2_navigation_py/share/bme_ros2_navigation_py/hook/ament_prefix_path.dsv'
[-1776444341552515584.000s] INFO:colcon.colcon_core.shell:Creating environment hook '/Users/kedewei/Desktop/final project/FinalProject_Submission/ros2_navigation_workspace/install/bme_ros2_navigation_py/share/bme_ros2_navigation_py/hook/ament_prefix_path.sh'
[-1776444341552515584.000s] INFO:colcon.colcon_core.shell:Skip shell extension 'powershell' for command environment: Not usable outside of PowerShell
[-1776444341552515584.000s] DEBUG:colcon.colcon_core.shell:Skip shell extension 'dsv' for command environment
[-1776444341552515584.000s] INFO:colcon.colcon_core.task.python.build:Building Python package in '/Users/kedewei/Desktop/final project/FinalProject_Submission/ros2_navigation_workspace/src/bme_ros2_navigation_py'
[-1776444341552515584.000s] INFO:colcon.colcon_core.shell:Skip shell extension 'powershell' for command environment: Not usable outside of PowerShell
[-1776444341552515584.000s] DEBUG:colcon.colcon_core.shell:Skip shell extension 'dsv' for command environment
[-1776444341552515584.000s] DEBUG:colcon.colcon_core.event_handler.log_command:Invoking command in '/Users/kedewei/Desktop/final project/FinalProject_Submission/ros2_navigation_workspace/src/bme_ros2_navigation_py': PYTHONPATH=/Users/kedewei/Desktop/final project/FinalProject_Submission/ros2_navigation_workspace/build/bme_ros2_navigation_py/prefix_override:/Users/kedewei/Library/Python/3.14/lib/python/site-packages/colcon_core/task/python/colcon_distutils_commands:/Users/kedewei/Desktop/final project/FinalProject_Submission/ros2_navigation_workspace/install/bme_ros2_navigation_py/lib/python3.14/site-packages: SHLVL=3 _=/usr/bin/env /opt/homebrew/opt/python@3.14/bin/python3.14 -W ignore:setup.py install is deprecated -W ignore:easy_install command is deprecated setup.py egg_info --egg-base ../../build/bme_ros2_navigation_py build --build-base /Users/kedewei/Desktop/final project/FinalProject_Submission/ros2_navigation_workspace/build/bme_ros2_navigation_py/build install --record /Users/kedewei/Desktop/final project/FinalProject_Submission/ros2_navigation_workspace/build/bme_ros2_navigation_py/install.log --single-version-externally-managed install_data
[-1776444341552515584.000s] DEBUG:colcon.colcon_core.event_handler.log_command:Invoked command in '/Users/kedewei/Desktop/final project/FinalProject_Submission/ros2_navigation_workspace/src/bme_ros2_navigation_py' returned '0': PYTHONPATH=/Users/kedewei/Desktop/final project/FinalProject_Submission/ros2_navigation_workspace/build/bme_ros2_navigation_py/prefix_override:/Users/kedewei/Library/Python/3.14/lib/python/site-packages/colcon_core/task/python/colcon_distutils_commands:/Users/kedewei/Desktop/final project/FinalProject_Submission/ros2_navigation_workspace/install/bme_ros2_navigation_py/lib/python3.14/site-packages: SHLVL=3 _=/usr/bin/env /opt/homebrew/opt/python@3.14/bin/python3.14 -W ignore:setup.py install is deprecated -W ignore:easy_install command is deprecated setup.py egg_info --egg-base ../../build/bme_ros2_navigation_py build --build-base /Users/kedewei/Desktop/final project/FinalProject_Submission/ros2_navigation_workspace/build/bme_ros2_navigation_py/build install --record /Users/kedewei/Desktop/final project/FinalProject_Submission/ros2_navigation_workspace/build/bme_ros2_navigation_py/install.log --single-version-externally-managed install_data
[-1776444341552515584.000s] Level 1:colcon.colcon_core.environment:checking '/Users/kedewei/Desktop/final project/FinalProject_Submission/ros2_navigation_workspace/install/bme_ros2_navigation_py' for CMake module files
[-1776444341552515584.000s] Level 1:colcon.colcon_core.environment:checking '/Users/kedewei/Desktop/final project/FinalProject_Submission/ros2_navigation_workspace/install/bme_ros2_navigation_py' for CMake config files
[-1776444341552515584.000s] Level 1:colcon.colcon_core.environment:checking '/Users/kedewei/Desktop/final project/FinalProject_Submission/ros2_navigation_workspace/install/bme_ros2_navigation_py/lib'
[-1776444341552515584.000s] Level 1:colcon.colcon_core.environment:checking '/Users/kedewei/Desktop/final project/FinalProject_Submission/ros2_navigation_workspace/install/bme_ros2_navigation_py/bin'
[-1776444341552515584.000s] Level 1:colcon.colcon_core.environment:checking '/Users/kedewei/Desktop/final project/FinalProject_Submission/ros2_navigation_workspace/install/bme_ros2_navigation_py/lib/pkgconfig/bme_ros2_navigation_py.pc'
[-1776444341552515584.000s] Level 1:colcon.colcon_core.environment:checking '/Users/kedewei/Desktop/final project/FinalProject_Submission/ros2_navigation_workspace/install/bme_ros2_navigation_py/lib/python3.14/site-packages'
[-1776444341552515584.000s] Level 1:colcon.colcon_core.shell:create_environment_hook('bme_ros2_navigation_py', 'pythonpath')
[-1776444341552515584.000s] INFO:colcon.colcon_core.shell:Creating environment hook '/Users/kedewei/Desktop/final project/FinalProject_Submission/ros2_navigation_workspace/install/bme_ros2_navigation_py/share/bme_ros2_navigation_py/hook/pythonpath.ps1'
[-1776444341552515584.000s] INFO:colcon.colcon_core.shell:Creating environment descriptor '/Users/kedewei/Desktop/final project/FinalProject_Submission/ros2_navigation_workspace/install/bme_ros2_navigation_py/share/bme_ros2_navigation_py/hook/pythonpath.dsv'
[-1776444341552515584.000s] INFO:colcon.colcon_core.shell:Creating environment hook '/Users/kedewei/Desktop/final project/FinalProject_Submission/ros2_navigation_workspace/install/bme_ros2_navigation_py/share/bme_ros2_navigation_py/hook/pythonpath.sh'
[-1776444341552515584.000s] Level 1:colcon.colcon_core.environment:checking '/Users/kedewei/Desktop/final project/FinalProject_Submission/ros2_navigation_workspace/install/bme_ros2_navigation_py/bin'
[-1776444341552515584.000s] Level 1:colcon.colcon_core.environment:create_environment_scripts_only(bme_ros2_navigation_py)
[-1776444341552515584.000s] INFO:colcon.colcon_core.shell:Creating package script '/Users/kedewei/Desktop/final project/FinalProject_Submission/ros2_navigation_workspace/install/bme_ros2_navigation_py/share/bme_ros2_navigation_py/package.ps1'
[-1776444341552515584.000s] INFO:colcon.colcon_core.shell:Creating package descriptor '/Users/kedewei/Desktop/final project/FinalProject_Submission/ros2_navigation_workspace/install/bme_ros2_navigation_py/share/bme_ros2_navigation_py/package.dsv'
[-1776444341552515584.000s] INFO:colcon.colcon_core.shell:Creating package script '/Users/kedewei/Desktop/final project/FinalProject_Submission/ros2_navigation_workspace/install/bme_ros2_navigation_py/share/bme_ros2_navigation_py/package.sh'
[-1776444341552515584.000s] INFO:colcon.colcon_core.shell:Creating package script '/Users/kedewei/Desktop/final project/FinalProject_Submission/ros2_navigation_workspace/install/bme_ros2_navigation_py/share/bme_ros2_navigation_py/package.bash'
[-1776444341552515584.000s] INFO:colcon.colcon_core.shell:Creating package script '/Users/kedewei/Desktop/final project/FinalProject_Submission/ros2_navigation_workspace/install/bme_ros2_navigation_py/share/bme_ros2_navigation_py/package.zsh'
[-1776444341552515584.000s] Level 1:colcon.colcon_core.environment:create_file_with_runtime_dependencies(/Users/kedewei/Desktop/final project/FinalProject_Submission/ros2_navigation_workspace/install/bme_ros2_navigation_py/share/colcon-core/packages/bme_ros2_navigation_py)
[-1776444341552515584.000s] DEBUG:colcon.colcon_parallel_executor.executor.parallel:closing loop
[-1776444341552515584.000s] DEBUG:colcon.colcon_parallel_executor.executor.parallel:loop closed
[-1776444341552515584.000s] DEBUG:colcon.colcon_parallel_executor.executor.parallel:run_until_complete finished with '0'
[-1776444341552515584.000s] DEBUG:colcon.colcon_core.event_reactor:joining thread
[-1776444341552515584.000s] INFO:colcon.colcon_core.plugin_system:Skipping extension 'colcon_notification.desktop_notification.notify2': 'notify2' not found
[-1776444341552515584.000s] INFO:colcon.colcon_core.plugin_system:Skipping extension 'colcon_notification.desktop_notification.notify_send': Not used on non-Linux systems
[-1776444341552515584.000s] INFO:colcon.colcon_core.plugin_system:Skipping extension 'colcon_notification.desktop_notification.win32': Not used on non-Windows systems
[-1776444341552515584.000s] INFO:colcon.colcon_notification.desktop_notification:Sending desktop notification using 'terminal_notifier'
[-1776444341552515584.000s] DEBUG:colcon.colcon_core.event_reactor:joined thread
[-1776444341552515584.000s] INFO:colcon.colcon_core.shell:Creating prefix script '/Users/kedewei/Desktop/final project/FinalProject_Submission/ros2_navigation_workspace/install/local_setup.ps1'
[-1776444341552515584.000s] INFO:colcon.colcon_core.shell:Creating prefix util module '/Users/kedewei/Desktop/final project/FinalProject_Submission/ros2_navigation_workspace/install/_local_setup_util_ps1.py'
[-1776444341552515584.000s] INFO:colcon.colcon_core.shell:Creating prefix chain script '/Users/kedewei/Desktop/final project/FinalProject_Submission/ros2_navigation_workspace/install/setup.ps1'
[-1776444341552515584.000s] INFO:colcon.colcon_core.shell:Creating prefix script '/Users/kedewei/Desktop/final project/FinalProject_Submission/ros2_navigation_workspace/install/local_setup.sh'
[-1776444341552515584.000s] INFO:colcon.colcon_core.shell:Creating prefix util module '/Users/kedewei/Desktop/final project/FinalProject_Submission/ros2_navigation_workspace/install/_local_setup_util_sh.py'
[-1776444341552515584.000s] INFO:colcon.colcon_core.shell:Creating prefix chain script '/Users/kedewei/Desktop/final project/FinalProject_Submission/ros2_navigation_workspace/install/setup.sh'
[-1776444341552515584.000s] INFO:colcon.colcon_core.shell:Creating prefix script '/Users/kedewei/Desktop/final project/FinalProject_Submission/ros2_navigation_workspace/install/local_setup.bash'
[-1776444341552515584.000s] INFO:colcon.colcon_core.shell:Creating prefix chain script '/Users/kedewei/Desktop/final project/FinalProject_Submission/ros2_navigation_workspace/install/setup.bash'
[-1776444341552515584.000s] INFO:colcon.colcon_core.shell:Creating prefix script '/Users/kedewei/Desktop/final project/FinalProject_Submission/ros2_navigation_workspace/install/local_setup.zsh'
[-1776444341552515584.000s] INFO:colcon.colcon_core.shell:Creating prefix chain script '/Users/kedewei/Desktop/final project/FinalProject_Submission/ros2_navigation_workspace/install/setup.zsh'
