/Users/kedewei/Library/Python/3.14/lib/python/site-packages/setuptools/_distutils/dist.py:289: UserWarning: Unknown distribution option: 'tests_require'
  warnings.warn(msg)
running egg_info
creating ../../build/bme_ros2_navigation_py/bme_ros2_navigation_py.egg-info
writing ../../build/bme_ros2_navigation_py/bme_ros2_navigation_py.egg-info/PKG-INFO
writing dependency_links to ../../build/bme_ros2_navigation_py/bme_ros2_navigation_py.egg-info/dependency_links.txt
writing entry points to ../../build/bme_ros2_navigation_py/bme_ros2_navigation_py.egg-info/entry_points.txt
writing requirements to ../../build/bme_ros2_navigation_py/bme_ros2_navigation_py.egg-info/requires.txt
writing top-level names to ../../build/bme_ros2_navigation_py/bme_ros2_navigation_py.egg-info/top_level.txt
writing manifest file '../../build/bme_ros2_navigation_py/bme_ros2_navigation_py.egg-info/SOURCES.txt'
reading manifest file '../../build/bme_ros2_navigation_py/bme_ros2_navigation_py.egg-info/SOURCES.txt'
writing manifest file '../../build/bme_ros2_navigation_py/bme_ros2_navigation_py.egg-info/SOURCES.txt'
running build
running build_py
creating /Users/kedewei/Desktop/final project/FinalProject_Submission/ros2_navigation_workspace/build/bme_ros2_navigation_py/build/lib/bme_ros2_navigation_py
copying bme_ros2_navigation_py/slam_toolbox_load_map.py -> /Users/kedewei/Desktop/final project/FinalProject_Submission/ros2_navigation_workspace/build/bme_ros2_navigation_py/build/lib/bme_ros2_navigation_py
copying bme_ros2_navigation_py/__init__.py -> /Users/kedewei/Desktop/final project/FinalProject_Submission/ros2_navigation_workspace/build/bme_ros2_navigation_py/build/lib/bme_ros2_navigation_py
copying bme_ros2_navigation_py/send_initialpose.py -> /Users/kedewei/Desktop/final project/FinalProject_Submission/ros2_navigation_workspace/build/bme_ros2_navigation_py/build/lib/bme_ros2_navigation_py
copying bme_ros2_navigation_py/vision_navigation.py -> /Users/kedewei/Desktop/final project/FinalProject_Submission/ros2_navigation_workspace/build/bme_ros2_navigation_py/build/lib/bme_ros2_navigation_py
copying bme_ros2_navigation_py/yolo_detector.py -> /Users/kedewei/Desktop/final project/FinalProject_Submission/ros2_navigation_workspace/build/bme_ros2_navigation_py/build/lib/bme_ros2_navigation_py
copying bme_ros2_navigation_py/follow_waypoints.py -> /Users/kedewei/Desktop/final project/FinalProject_Submission/ros2_navigation_workspace/build/bme_ros2_navigation_py/build/lib/bme_ros2_navigation_py
running install
running install_lib
creating /opt/homebrew/lib/python3.14/site-packages/bme_ros2_navigation_py
copying /Users/kedewei/Desktop/final project/FinalProject_Submission/ros2_navigation_workspace/build/bme_ros2_navigation_py/build/lib/bme_ros2_navigation_py/slam_toolbox_load_map.py -> /opt/homebrew/lib/python3.14/site-packages/bme_ros2_navigation_py
copying /Users/kedewei/Desktop/final project/FinalProject_Submission/ros2_navigation_workspace/build/bme_ros2_navigation_py/build/lib/bme_ros2_navigation_py/__init__.py -> /opt/homebrew/lib/python3.14/site-packages/bme_ros2_navigation_py
copying /Users/kedewei/Desktop/final project/FinalProject_Submission/ros2_navigation_workspace/build/bme_ros2_navigation_py/build/lib/bme_ros2_navigation_py/send_initialpose.py -> /opt/homebrew/lib/python3.14/site-packages/bme_ros2_navigation_py
copying /Users/kedewei/Desktop/final project/FinalProject_Submission/ros2_navigation_workspace/build/bme_ros2_navigation_py/build/lib/bme_ros2_navigation_py/vision_navigation.py -> /opt/homebrew/lib/python3.14/site-packages/bme_ros2_navigation_py
copying /Users/kedewei/Desktop/final project/FinalProject_Submission/ros2_navigation_workspace/build/bme_ros2_navigation_py/build/lib/bme_ros2_navigation_py/yolo_detector.py -> /opt/homebrew/lib/python3.14/site-packages/bme_ros2_navigation_py
copying /Users/kedewei/Desktop/final project/FinalProject_Submission/ros2_navigation_workspace/build/bme_ros2_navigation_py/build/lib/bme_ros2_navigation_py/follow_waypoints.py -> /opt/homebrew/lib/python3.14/site-packages/bme_ros2_navigation_py
byte-compiling /opt/homebrew/lib/python3.14/site-packages/bme_ros2_navigation_py/slam_toolbox_load_map.py to slam_toolbox_load_map.cpython-314.pyc
byte-compiling /opt/homebrew/lib/python3.14/site-packages/bme_ros2_navigation_py/__init__.py to __init__.cpython-314.pyc
byte-compiling /opt/homebrew/lib/python3.14/site-packages/bme_ros2_navigation_py/send_initialpose.py to send_initialpose.cpython-314.pyc
byte-compiling /opt/homebrew/lib/python3.14/site-packages/bme_ros2_navigation_py/vision_navigation.py to vision_navigation.cpython-314.pyc
byte-compiling /opt/homebrew/lib/python3.14/site-packages/bme_ros2_navigation_py/yolo_detector.py to yolo_detector.cpython-314.pyc
byte-compiling /opt/homebrew/lib/python3.14/site-packages/bme_ros2_navigation_py/follow_waypoints.py to follow_waypoints.cpython-314.pyc
running install_data
creating /opt/homebrew/share/ament_index/resource_index/packages
copying resource/bme_ros2_navigation_py -> /opt/homebrew/share/ament_index/resource_index/packages
creating /opt/homebrew/share/bme_ros2_navigation_py
copying package.xml -> /opt/homebrew/share/bme_ros2_navigation_py
running install_egg_info
Copying ../../build/bme_ros2_navigation_py/bme_ros2_navigation_py.egg-info to /opt/homebrew/lib/python3.14/site-packages/bme_ros2_navigation_py-1.0.0-py3.14.egg-info
running install_scripts
Installing follow_waypoints script to /opt/homebrew/Cellar/python@3.14/3.14.3_1/Frameworks/Python.framework/Versions/3.14/lib/bme_ros2_navigation_py
Installing send_initialpose script to /opt/homebrew/Cellar/python@3.14/3.14.3_1/Frameworks/Python.framework/Versions/3.14/lib/bme_ros2_navigation_py
Installing slam_toolbox_load_map script to /opt/homebrew/Cellar/python@3.14/3.14.3_1/Frameworks/Python.framework/Versions/3.14/lib/bme_ros2_navigation_py
Installing vision_navigation script to /opt/homebrew/Cellar/python@3.14/3.14.3_1/Frameworks/Python.framework/Versions/3.14/lib/bme_ros2_navigation_py
Installing yolo_detector script to /opt/homebrew/Cellar/python@3.14/3.14.3_1/Frameworks/Python.framework/Versions/3.14/lib/bme_ros2_navigation_py
writing list of installed files to '/Users/kedewei/Desktop/final project/FinalProject_Submission/ros2_navigation_workspace/build/bme_ros2_navigation_py/install.log'
