[-1776444349985605632.000s] DEBUG:colcon:Command line arguments: ['/Users/kedewei/Library/Python/3.14/bin/colcon', 'list']
[-1776444349985605632.000s] DEBUG:colcon:Parsed command line arguments: Namespace(log_base=None, log_level=None, verb_name='list', build_base='build', ignore_user_meta=False, metas=['./colcon.meta'], base_paths=['.'], packages_ignore=None, packages_ignore_regex=None, paths=None, packages_up_to=None, packages_up_to_regex=None, packages_above=None, packages_above_and_dependencies=None, packages_above_depth=None, packages_select_by_dep=None, packages_skip_by_dep=None, packages_skip_up_to=None, packages_select_build_failed=False, packages_skip_build_finished=False, packages_select_test_failures=False, packages_skip_test_passed=False, packages_select=None, packages_skip=None, packages_select_regex=None, packages_skip_regex=None, packages_start=None, packages_end=None, topological_order=False, names_only=False, paths_only=False, topological_graph=False, topological_graph_dot=False, topological_graph_density=False, topological_graph_legend=False, topological_graph_dot_cluster=False, topological_graph_dot_include_skipped=False, verb_parser=<colcon_defaults.argument_parser.defaults.DefaultArgumentsDecorator object at 0x106c23460>, verb_extension=<colcon_package_information.verb.list.ListVerb object at 0x106c17380>, main=<bound method ListVerb.main of <colcon_package_information.verb.list.ListVerb object at 0x106c17380>>)
[-1776444349985605632.000s] Level 1:colcon.colcon_core.package_discovery:discover_packages(colcon_meta) check parameters
[-1776444349985605632.000s] Level 1:colcon.colcon_core.package_discovery:discover_packages(recursive) check parameters
[-1776444349985605632.000s] Level 1:colcon.colcon_core.package_discovery:discover_packages(ignore) check parameters
[-1776444349985605632.000s] Level 1:colcon.colcon_core.package_discovery:discover_packages(path) check parameters
[-1776444349985605632.000s] Level 1:colcon.colcon_core.package_discovery:discover_packages(colcon_meta) discover
[-1776444349985605632.000s] Level 1:colcon.colcon_core.package_discovery:discover_packages(recursive) discover
[-1776444349985605632.000s] INFO:colcon.colcon_core.package_discovery:Crawling recursively for packages in '/Users/kedewei/Desktop/final project/FinalProject_Submission/ros2_navigation_workspace'
[-1776444349985605632.000s] Level 1:colcon.colcon_core.package_identification:_identify(.) by extensions ['ignore', 'ignore_ament_install']
[-1776444349985605632.000s] Level 1:colcon.colcon_core.package_identification:_identify(.) by extension 'ignore'
[-1776444349985605632.000s] Level 1:colcon.colcon_core.package_identification:_identify(.) by extension 'ignore_ament_install'
[-1776444349985605632.000s] Level 1:colcon.colcon_core.package_identification:_identify(.) by extensions ['colcon_pkg']
[-1776444349985605632.000s] Level 1:colcon.colcon_core.package_identification:_identify(.) by extension 'colcon_pkg'
[-1776444349985605632.000s] Level 1:colcon.colcon_core.package_identification:_identify(.) by extensions ['colcon_meta']
[-1776444349985605632.000s] Level 1:colcon.colcon_core.package_identification:_identify(.) by extension 'colcon_meta'
[-1776444349985605632.000s] Level 1:colcon.colcon_core.package_identification:_identify(.) by extensions ['ros']
[-1776444349985605632.000s] Level 1:colcon.colcon_core.package_identification:_identify(.) by extension 'ros'
[-1776444349985605632.000s] Level 1:colcon.colcon_core.package_identification:_identify(.) by extensions ['cmake', 'python']
[-1776444349985605632.000s] Level 1:colcon.colcon_core.package_identification:_identify(.) by extension 'cmake'
[-1776444349985605632.000s] Level 1:colcon.colcon_core.package_identification:_identify(.) by extension 'python'
[-1776444349985605632.000s] Level 1:colcon.colcon_core.package_identification:_identify(.) by extensions ['python_setup_py']
[-1776444349985605632.000s] Level 1:colcon.colcon_core.package_identification:_identify(.) by extension 'python_setup_py'
[-1776444349985605632.000s] Level 1:colcon.colcon_core.package_identification:_identify(build) by extensions ['ignore', 'ignore_ament_install']
[-1776444349985605632.000s] Level 1:colcon.colcon_core.package_identification:_identify(build) by extension 'ignore'
[-1776444349985605632.000s] Level 1:colcon.colcon_core.package_identification:_identify(build) ignored
[-1776444349985605632.000s] Level 1:colcon.colcon_core.package_identification:_identify(data) by extensions ['ignore', 'ignore_ament_install']
[-1776444349985605632.000s] Level 1:colcon.colcon_core.package_identification:_identify(data) by extension 'ignore'
[-1776444349985605632.000s] Level 1:colcon.colcon_core.package_identification:_identify(data) by extension 'ignore_ament_install'
[-1776444349985605632.000s] Level 1:colcon.colcon_core.package_identification:_identify(data) by extensions ['colcon_pkg']
[-1776444349985605632.000s] Level 1:colcon.colcon_core.package_identification:_identify(data) by extension 'colcon_pkg'
[-1776444349985605632.000s] Level 1:colcon.colcon_core.package_identification:_identify(data) by extensions ['colcon_meta']
[-1776444349985605632.000s] Level 1:colcon.colcon_core.package_identification:_identify(data) by extension 'colcon_meta'
[-1776444349985605632.000s] Level 1:colcon.colcon_core.package_identification:_identify(data) by extensions ['ros']
[-1776444349985605632.000s] Level 1:colcon.colcon_core.package_identification:_identify(data) by extension 'ros'
[-1776444349985605632.000s] Level 1:colcon.colcon_core.package_identification:_identify(data) by extensions ['cmake', 'python']
[-1776444349985605632.000s] Level 1:colcon.colcon_core.package_identification:_identify(data) by extension 'cmake'
[-1776444349985605632.000s] Level 1:colcon.colcon_core.package_identification:_identify(data) by extension 'python'
[-1776444349985605632.000s] Level 1:colcon.colcon_core.package_identification:_identify(data) by extensions ['python_setup_py']
[-1776444349985605632.000s] Level 1:colcon.colcon_core.package_identification:_identify(data) by extension 'python_setup_py'
[-1776444349985605632.000s] Level 1:colcon.colcon_core.package_identification:_identify(install) by extensions ['ignore', 'ignore_ament_install']
[-1776444349985605632.000s] Level 1:colcon.colcon_core.package_identification:_identify(install) by extension 'ignore'
[-1776444349985605632.000s] Level 1:colcon.colcon_core.package_identification:_identify(install) ignored
[-1776444349985605632.000s] Level 1:colcon.colcon_core.package_identification:_identify(log) by extensions ['ignore', 'ignore_ament_install']
[-1776444349985605632.000s] Level 1:colcon.colcon_core.package_identification:_identify(log) by extension 'ignore'
[-1776444349985605632.000s] Level 1:colcon.colcon_core.package_identification:_identify(log) ignored
[-1776444349985605632.000s] Level 1:colcon.colcon_core.package_identification:_identify(src) by extensions ['ignore', 'ignore_ament_install']
[-1776444349985605632.000s] Level 1:colcon.colcon_core.package_identification:_identify(src) by extension 'ignore'
[-1776444349985605632.000s] Level 1:colcon.colcon_core.package_identification:_identify(src) by extension 'ignore_ament_install'
[-1776444349985605632.000s] Level 1:colcon.colcon_core.package_identification:_identify(src) by extensions ['colcon_pkg']
[-1776444349985605632.000s] Level 1:colcon.colcon_core.package_identification:_identify(src) by extension 'colcon_pkg'
[-1776444349985605632.000s] Level 1:colcon.colcon_core.package_identification:_identify(src) by extensions ['colcon_meta']
[-1776444349985605632.000s] Level 1:colcon.colcon_core.package_identification:_identify(src) by extension 'colcon_meta'
[-1776444349985605632.000s] Level 1:colcon.colcon_core.package_identification:_identify(src) by extensions ['ros']
[-1776444349985605632.000s] Level 1:colcon.colcon_core.package_identification:_identify(src) by extension 'ros'
[-1776444349985605632.000s] Level 1:colcon.colcon_core.package_identification:_identify(src) by extensions ['cmake', 'python']
[-1776444349985605632.000s] Level 1:colcon.colcon_core.package_identification:_identify(src) by extension 'cmake'
[-1776444349985605632.000s] Level 1:colcon.colcon_core.package_identification:_identify(src) by extension 'python'
[-1776444349985605632.000s] Level 1:colcon.colcon_core.package_identification:_identify(src) by extensions ['python_setup_py']
[-1776444349985605632.000s] Level 1:colcon.colcon_core.package_identification:_identify(src) by extension 'python_setup_py'
[-1776444349985605632.000s] Level 1:colcon.colcon_core.package_identification:_identify(src/bme_ros2_navigation) by extensions ['ignore', 'ignore_ament_install']
[-1776444349985605632.000s] Level 1:colcon.colcon_core.package_identification:_identify(src/bme_ros2_navigation) by extension 'ignore'
[-1776444349985605632.000s] Level 1:colcon.colcon_core.package_identification:_identify(src/bme_ros2_navigation) by extension 'ignore_ament_install'
[-1776444349985605632.000s] Level 1:colcon.colcon_core.package_identification:_identify(src/bme_ros2_navigation) by extensions ['colcon_pkg']
[-1776444349985605632.000s] Level 1:colcon.colcon_core.package_identification:_identify(src/bme_ros2_navigation) by extension 'colcon_pkg'
[-1776444349985605632.000s] Level 1:colcon.colcon_core.package_identification:_identify(src/bme_ros2_navigation) by extensions ['colcon_meta']
[-1776444349985605632.000s] Level 1:colcon.colcon_core.package_identification:_identify(src/bme_ros2_navigation) by extension 'colcon_meta'
[-1776444349985605632.000s] Level 1:colcon.colcon_core.package_identification:_identify(src/bme_ros2_navigation) by extensions ['ros']
[-1776444349985605632.000s] Level 1:colcon.colcon_core.package_identification:_identify(src/bme_ros2_navigation) by extension 'ros'
[-1776444349985605632.000s] DEBUG:colcon.colcon_core.package_identification:Package 'src/bme_ros2_navigation' with type 'ros.ament_cmake' and name 'bme_ros2_navigation'
[-1776444349985605632.000s] Level 1:colcon.colcon_core.package_identification:_identify(src/bme_ros2_navigation_py) by extensions ['ignore', 'ignore_ament_install']
[-1776444349985605632.000s] Level 1:colcon.colcon_core.package_identification:_identify(src/bme_ros2_navigation_py) by extension 'ignore'
[-1776444349985605632.000s] Level 1:colcon.colcon_core.package_identification:_identify(src/bme_ros2_navigation_py) by extension 'ignore_ament_install'
[-1776444349985605632.000s] Level 1:colcon.colcon_core.package_identification:_identify(src/bme_ros2_navigation_py) by extensions ['colcon_pkg']
[-1776444349985605632.000s] Level 1:colcon.colcon_core.package_identification:_identify(src/bme_ros2_navigation_py) by extension 'colcon_pkg'
[-1776444349985605632.000s] Level 1:colcon.colcon_core.package_identification:_identify(src/bme_ros2_navigation_py) by extensions ['colcon_meta']
[-1776444349985605632.000s] Level 1:colcon.colcon_core.package_identification:_identify(src/bme_ros2_navigation_py) by extension 'colcon_meta'
[-1776444349985605632.000s] Level 1:colcon.colcon_core.package_identification:_identify(src/bme_ros2_navigation_py) by extensions ['ros']
[-1776444349985605632.000s] Level 1:colcon.colcon_core.package_identification:_identify(src/bme_ros2_navigation_py) by extension 'ros'
[-1776444349985605632.000s] DEBUG:colcon.colcon_core.package_identification:Package 'src/bme_ros2_navigation_py' with type 'ros.ament_python' and name 'bme_ros2_navigation_py'
[-1776444349985605632.000s] Level 1:colcon.colcon_core.package_discovery:discover_packages(recursive) using defaults
[-1776444349985605632.000s] Level 1:colcon.colcon_core.package_discovery:discover_packages(ignore) discover
[-1776444349985605632.000s] Level 1:colcon.colcon_core.package_discovery:discover_packages(ignore) using defaults
[-1776444349985605632.000s] Level 1:colcon.colcon_core.package_discovery:discover_packages(path) discover
[-1776444349985605632.000s] Level 1:colcon.colcon_core.package_discovery:discover_packages(path) using defaults
