/Users/kedewei/Library/Python/3.14/lib/python/site-packages/setuptools/_distutils/dist.py:289: UserWarning: Unknown distribution option: 'tests_require'
  warnings.warn(msg)
running egg_info
writing ../../build/bme_ros2_navigation_py/bme_ros2_navigation_py.egg-info/PKG-INFO
writing dependency_links to ../../build/bme_ros2_navigation_py/bme_ros2_navigation_py.egg-info/dependency_links.txt
writing entry points to ../../build/bme_ros2_navigation_py/bme_ros2_navigation_py.egg-info/entry_points.txt
writing requirements to ../../build/bme_ros2_navigation_py/bme_ros2_navigation_py.egg-info/requires.txt
writing top-level names to ../../build/bme_ros2_navigation_py/bme_ros2_navigation_py.egg-info/top_level.txt
reading manifest file '../../build/bme_ros2_navigation_py/bme_ros2_navigation_py.egg-info/SOURCES.txt'
writing manifest file '../../build/bme_ros2_navigation_py/bme_ros2_navigation_py.egg-info/SOURCES.txt'
running build
running build_py
running install
running install_lib
running install_data
running install_egg_info
removing '/opt/homebrew/lib/python3.14/site-packages/bme_ros2_navigation_py-1.0.0-py3.14.egg-info' (and everything under it)
Copying ../../build/bme_ros2_navigation_py/bme_ros2_navigation_py.egg-info to /opt/homebrew/lib/python3.14/site-packages/bme_ros2_navigation_py-1.0.0-py3.14.egg-info
running install_scripts
Installing follow_waypoints script to /opt/homebrew/Cellar/python@3.14/3.14.3_1/Frameworks/Python.framework/Versions/3.14/lib/bme_ros2_navigation_py
Installing send_initialpose script to /opt/homebrew/Cellar/python@3.14/3.14.3_1/Frameworks/Python.framework/Versions/3.14/lib/bme_ros2_navigation_py
Installing slam_toolbox_load_map script to /opt/homebrew/Cellar/python@3.14/3.14.3_1/Frameworks/Python.framework/Versions/3.14/lib/bme_ros2_navigation_py
Installing vision_navigation script to /opt/homebrew/Cellar/python@3.14/3.14.3_1/Frameworks/Python.framework/Versions/3.14/lib/bme_ros2_navigation_py
Installing yolo_detector script to /opt/homebrew/Cellar/python@3.14/3.14.3_1/Frameworks/Python.framework/Versions/3.14/lib/bme_ros2_navigation_py
writing list of installed files to '/Users/kedewei/Desktop/final project/FinalProject_Submission/ros2_navigation_workspace/build/bme_ros2_navigation_py/install.log'
