[0.355s] Invoking command in '/Users/kedewei/Desktop/final project/FinalProject_Submission/ros2_navigation_workspace/src/bme_ros2_navigation_py': PYTHONPATH=/Users/kedewei/Desktop/final project/FinalProject_Submission/ros2_navigation_workspace/build/bme_ros2_navigation_py/prefix_override:/Users/kedewei/Library/Python/3.14/lib/python/site-packages/colcon_core/task/python/colcon_distutils_commands:/Users/kedewei/Desktop/final project/FinalProject_Submission/ros2_navigation_workspace/install/bme_ros2_navigation_py/lib/python3.14/site-packages: SHLVL=3 _=/usr/bin/env /opt/homebrew/opt/python@3.14/bin/python3.14 -W ignore:setup.py install is deprecated -W ignore:easy_install command is deprecated setup.py egg_info --egg-base ../../build/bme_ros2_navigation_py build --build-base /Users/kedewei/Desktop/final project/FinalProject_Submission/ros2_navigation_workspace/build/bme_ros2_navigation_py/build install --record /Users/kedewei/Desktop/final project/FinalProject_Submission/ros2_navigation_workspace/build/bme_ros2_navigation_py/install.log --single-version-externally-managed install_data
[0.439s] /Users/kedewei/Library/Python/3.14/lib/python/site-packages/setuptools/_distutils/dist.py:289: UserWarning: Unknown distribution option: 'tests_require'
[0.439s]   warnings.warn(msg)
[0.462s] running egg_info
[0.466s] writing ../../build/bme_ros2_navigation_py/bme_ros2_navigation_py.egg-info/PKG-INFO
[0.466s] writing dependency_links to ../../build/bme_ros2_navigation_py/bme_ros2_navigation_py.egg-info/dependency_links.txt
[0.467s] writing entry points to ../../build/bme_ros2_navigation_py/bme_ros2_navigation_py.egg-info/entry_points.txt
[0.467s] writing requirements to ../../build/bme_ros2_navigation_py/bme_ros2_navigation_py.egg-info/requires.txt
[0.467s] writing top-level names to ../../build/bme_ros2_navigation_py/bme_ros2_navigation_py.egg-info/top_level.txt
[0.475s] reading manifest file '../../build/bme_ros2_navigation_py/bme_ros2_navigation_py.egg-info/SOURCES.txt'
[0.476s] writing manifest file '../../build/bme_ros2_navigation_py/bme_ros2_navigation_py.egg-info/SOURCES.txt'
[0.476s] running build
[0.476s] running build_py
[0.476s] running install
[0.479s] running install_lib
[0.483s] running install_data
[0.483s] running install_egg_info
[0.487s] removing '/opt/homebrew/lib/python3.14/site-packages/bme_ros2_navigation_py-1.0.0-py3.14.egg-info' (and everything under it)
[0.488s] Copying ../../build/bme_ros2_navigation_py/bme_ros2_navigation_py.egg-info to /opt/homebrew/lib/python3.14/site-packages/bme_ros2_navigation_py-1.0.0-py3.14.egg-info
[0.489s] running install_scripts
[0.517s] Installing follow_waypoints script to /opt/homebrew/Cellar/python@3.14/3.14.3_1/Frameworks/Python.framework/Versions/3.14/lib/bme_ros2_navigation_py
[0.517s] Installing send_initialpose script to /opt/homebrew/Cellar/python@3.14/3.14.3_1/Frameworks/Python.framework/Versions/3.14/lib/bme_ros2_navigation_py
[0.517s] Installing slam_toolbox_load_map script to /opt/homebrew/Cellar/python@3.14/3.14.3_1/Frameworks/Python.framework/Versions/3.14/lib/bme_ros2_navigation_py
[0.517s] Installing vision_navigation script to /opt/homebrew/Cellar/python@3.14/3.14.3_1/Frameworks/Python.framework/Versions/3.14/lib/bme_ros2_navigation_py
[0.518s] Installing yolo_detector script to /opt/homebrew/Cellar/python@3.14/3.14.3_1/Frameworks/Python.framework/Versions/3.14/lib/bme_ros2_navigation_py
[0.518s] writing list of installed files to '/Users/kedewei/Desktop/final project/FinalProject_Submission/ros2_navigation_workspace/build/bme_ros2_navigation_py/install.log'
[0.532s] Invoked command in '/Users/kedewei/Desktop/final project/FinalProject_Submission/ros2_navigation_workspace/src/bme_ros2_navigation_py' returned '0': PYTHONPATH=/Users/kedewei/Desktop/final project/FinalProject_Submission/ros2_navigation_workspace/build/bme_ros2_navigation_py/prefix_override:/Users/kedewei/Library/Python/3.14/lib/python/site-packages/colcon_core/task/python/colcon_distutils_commands:/Users/kedewei/Desktop/final project/FinalProject_Submission/ros2_navigation_workspace/install/bme_ros2_navigation_py/lib/python3.14/site-packages: SHLVL=3 _=/usr/bin/env /opt/homebrew/opt/python@3.14/bin/python3.14 -W ignore:setup.py install is deprecated -W ignore:easy_install command is deprecated setup.py egg_info --egg-base ../../build/bme_ros2_navigation_py build --build-base /Users/kedewei/Desktop/final project/FinalProject_Submission/ros2_navigation_workspace/build/bme_ros2_navigation_py/build install --record /Users/kedewei/Desktop/final project/FinalProject_Submission/ros2_navigation_workspace/build/bme_ros2_navigation_py/install.log --single-version-externally-managed install_data
