/opt/homebrew/lib/python3.14/site-packages/bme_ros2_navigation_py/slam_toolbox_load_map.py
/opt/homebrew/lib/python3.14/site-packages/bme_ros2_navigation_py/__init__.py
/opt/homebrew/lib/python3.14/site-packages/bme_ros2_navigation_py/send_initialpose.py
/opt/homebrew/lib/python3.14/site-packages/bme_ros2_navigation_py/vision_navigation.py
/opt/homebrew/lib/python3.14/site-packages/bme_ros2_navigation_py/yolo_detector.py
/opt/homebrew/lib/python3.14/site-packages/bme_ros2_navigation_py/follow_waypoints.py
/opt/homebrew/lib/python3.14/site-packages/bme_ros2_navigation_py/__pycache__/slam_toolbox_load_map.cpython-314.pyc
/opt/homebrew/lib/python3.14/site-packages/bme_ros2_navigation_py/__pycache__/__init__.cpython-314.pyc
/opt/homebrew/lib/python3.14/site-packages/bme_ros2_navigation_py/__pycache__/send_initialpose.cpython-314.pyc
/opt/homebrew/lib/python3.14/site-packages/bme_ros2_navigation_py/__pycache__/vision_navigation.cpython-314.pyc
/opt/homebrew/lib/python3.14/site-packages/bme_ros2_navigation_py/__pycache__/yolo_detector.cpython-314.pyc
/opt/homebrew/lib/python3.14/site-packages/bme_ros2_navigation_py/__pycache__/follow_waypoints.cpython-314.pyc
/opt/homebrew/share/ament_index/resource_index/packages/bme_ros2_navigation_py
/opt/homebrew/share/bme_ros2_navigation_py/package.xml
/opt/homebrew/lib/python3.14/site-packages/bme_ros2_navigation_py-1.0.0-py3.14.egg-info/PKG-INFO
/opt/homebrew/lib/python3.14/site-packages/bme_ros2_navigation_py-1.0.0-py3.14.egg-info/zip-safe
/opt/homebrew/lib/python3.14/site-packages/bme_ros2_navigation_py-1.0.0-py3.14.egg-info/SOURCES.txt
/opt/homebrew/lib/python3.14/site-packages/bme_ros2_navigation_py-1.0.0-py3.14.egg-info/entry_points.txt
/opt/homebrew/lib/python3.14/site-packages/bme_ros2_navigation_py-1.0.0-py3.14.egg-info/requires.txt
/opt/homebrew/lib/python3.14/site-packages/bme_ros2_navigation_py-1.0.0-py3.14.egg-info/top_level.txt
/opt/homebrew/lib/python3.14/site-packages/bme_ros2_navigation_py-1.0.0-py3.14.egg-info/dependency_links.txt
/opt/homebrew/Cellar/python@3.14/3.14.3_1/Frameworks/Python.framework/Versions/3.14/lib/bme_ros2_navigation_py/follow_waypoints
/opt/homebrew/Cellar/python@3.14/3.14.3_1/Frameworks/Python.framework/Versions/3.14/lib/bme_ros2_navigation_py/send_initialpose
/opt/homebrew/Cellar/python@3.14/3.14.3_1/Frameworks/Python.framework/Versions/3.14/lib/bme_ros2_navigation_py/slam_toolbox_load_map
/opt/homebrew/Cellar/python@3.14/3.14.3_1/Frameworks/Python.framework/Versions/3.14/lib/bme_ros2_navigation_py/vision_navigation
/opt/homebrew/Cellar/python@3.14/3.14.3_1/Frameworks/Python.framework/Versions/3.14/lib/bme_ros2_navigation_py/yolo_detector
